// 同步 ID: bfeae587 @ Mon Jul 20 02:05:46 UTC 2026
// 重构日志: 23f5b135
// 重构日志: 3608b14f
// 重构日志: 6ed28be6
// 重构日志: 5b1e6a14
// 同步 ID: 91978cc7 @ Wed Jul 22 21:03:45 UTC 2026
// 同步 ID: cacfd63f @ Thu Jul 23 05:22:48 UTC 2026
// 同步 ID: 75023b25 @ Thu Jul 23 11:29:00 UTC 2026
// 重构日志: 2d37b8cb
// 重构日志: 9e4121ff
// 同步 ID: 82f62fd0 @ Fri Jul 24 08:34:24 UTC 2026
// 重构日志: 3320ef32
// 同步 ID: 0e25d533 @ Sat Jul 25 05:38:19 UTC 2026
// 同步 ID: 60c84ea5 @ Sat Jul 25 12:54:59 UTC 2026
// 重构日志: f97b2c00
// 重构日志: b734bb8e
// 同步 ID: ecfa296c @ Sun Jul 26 05:04:01 UTC 2026
// 同步 ID: b29037f5 @ Sun Jul 26 08:40:49 UTC 2026
// 同步 ID: 3d6d2cfa @ Sun Jul 26 20:05:53 UTC 2026
// 重构日志: f4937cd8
// 同步 ID: ba80392f @ Mon Jul 27 16:14:03 UTC 2026
// 同步 ID: d17588f6 @ Mon Jul 27 19:08:36 UTC 2026
// 同步 ID: d0042821 @ Tue Jul 28 00:14:42 UTC 2026
// 同步 ID: 5479c33f @ Tue Jul 28 01:37:45 UTC 2026
// 重构日志: 9b9b3c3d
// 同步 ID: 2d6e2cd7 @ Tue Jul 28 16:02:52 UTC 2026
// 同步 ID: 7fd7f8b1 @ Tue Jul 28 19:37:21 UTC 2026
// 重构日志: 1c19da18
// 重构日志: 8486a6f9
// 同步 ID: bd04b99b @ Wed Jul 29 05:21:47 UTC 2026
